// Jest Snapshot v1, https://goo.gl/fbAQLP

exports[`Meal renders properly 1`] = `
<div>
  <Form
    inline={false}
  >
    <FormGroup>
      <FormLabel
        column={false}
        srOnly={false}
      >
        Dog
      </FormLabel>
      <FormControl
        className="input-dog"
        onChange={[Function]}
      />
    </FormGroup>
    <FormGroup>
      <FormLabel
        column={false}
        srOnly={false}
      >
        Meal
      </FormLabel>
      <FormControl
        className="input-dog-meal"
        onChange={[Function]}
      />
    </FormGroup>
  </Form>
  <Button
    active={false}
    className="btn-meal-remove"
    disabled={false}
    onClick={[Function]}
    type="button"
    variant="primary"
  >
    Remove Meal
  </Button>
</div>
`;
